// Jest Snapshot v1, https://goo.gl/fbAQLP

exports[`<Item/> renders and matches the snapshot 1`] = `
<ItemStyles__Item>
  <img
    alt="Cool Test Title"
    src="dog.jpg"
  />
  <Title>
    <Link
      href={
        Object {
          "pathname": "/item",
          "query": Object {
            "id": "ABC123",
          },
        }
      }
    >
      <a>
        Cool Test Title
      </a>
    </Link>
  </Title>
  <PriceTag>
    $420
  </PriceTag>
  <p>
    This item is siiiick!
  </p>
  <div
    className="buttonList"
  >
    <Link
      href={
        Object {
          "pathname": "/update",
          "query": Object {
            "id": "ABC123",
          },
        }
      }
    >
      <a>
        Edit ✏️
      </a>
    </Link>
    <AddToCart
      id="ABC123"
    />
    <DeleteItem
      id="ABC123"
    >
      Delete this item
    </DeleteItem>
  </div>
</ItemStyles__Item>
`;
